ℹ Testing lmmprobe
Error in `(function (command = NULL, args = character(), error_on_status = TRUE, …`:
! System command 'R' failed
---
Exit status: 1
Stdout & stderr:
ERROR: dependency ‘snowfall’ is not available for package ‘lmmprobe’
Perhaps try a variation of:
install.packages('snowfall')
* removing ‘/tmp/RtmpEM8TWg/devtools_install_1341aea6ba0e/lmmprobe’
---
Backtrace:
 1. devtools::test()
 2. testthat::test_local(pkg$path, filter = filter, stop_on_failure = stop_on_…
 3. testthat::test_dir(test_path, package = package, reporter = reporter, ..., …
 4. testthat:::test_files(test_dir = path, test_paths = test_paths, test_package = packag…
 5. testthat:::test_files_serial(test_dir = test_dir, test_package = test_package, …
 6. testthat:::test_files_setup_env(test_package, test_dir, load_package, env)
 7. pkgload::load_all(test_dir, export_all = args[["export_all"]], …
 8. pkgbuild::compile_dll(path, quiet = quiet, debug = debug)
 9. pkgbuild:::withr_with_makevars(compiler_flags(debug), { …
10. pkgbuild:::withr_with_envvar(c(R_MAKEVARS_USER = makevars_file), { …
11. base::force(code)
12. base::force(code)
13. pkgbuild:::withr_with_envvar(c(DEBUG = "true"), build())
14. base::force(code)
15. pkgbuild::build()
16. pkgbuild:::install_min(path, dest = install_dir, components = "libs", args = if (need…
17. pkgbuild::rcmd_build_tools("INSTALL", c(path, paste("--library=", dest, …
18. pkgbuild::with_build_tools({ …
19. base::withCallingHandlers(callr::rcmd_safe(..., env = env, spinner = FALSE, …
20. callr::rcmd_safe(..., env = env, spinner = FALSE, show = FALSE, …
21. callr:::run_r(options)
22. base::with(options, with_envvar(env, do.call(processx::run, c(list(bin, …
23. base::with.default(options, with_envvar(env, do.call(processx::run, …
24. base::eval(substitute(expr), data, enclos = parent.frame())
25. base::eval(substitute(expr), data, enclos = parent.frame())
26. callr:::with_envvar(env, do.call(processx::run, c(list(bin, args = real_cmdargs, …
27. base::force(code)
28. base::do.call(processx::run, c(list(bin, args = real_cmdargs, stdout_line_callba…
29. (function (command = NULL, args = character(), error_on_status = TRUE, …
30. base::throw(new_process_error(res, call = sys.call(), echo = echo, …
31. | base::signalCondition(cond)
32. (function (e) …
33. asNamespace("callr")$err$throw(e)
35: (function () 
    {
        traceback(2)
    })()
34: base::stop(cond)
33: asNamespace("callr")$err$throw(e)
32: (function (e) 
    {
        if (!quiet) 
            e$echo <- TRUE
        asNamespace("callr")$err$throw(e)
    })(list(message = "System command 'R' failed", call = c("(function (command = NULL, args = character(), error_on_status = TRUE, ", 
    "    wd = NULL, echo_cmd = FALSE, echo = FALSE, spinner = FALSE, "
    ), srcref = NULL, stderr = "ERROR: dependency ‘snowfall’ is not available for package ‘lmmprobe’\nPerhaps try a variation of:\ninstall.packages('snowfall')\n* removing ‘/tmp/RtmpEM8TWg/devtools_install_1341aea6ba0e/lmmprobe’\n", 
        echo = FALSE, stderr_to_stdout = TRUE, status = 1L, procsrcref = NULL))
31: signalCondition(cond)
30: throw(new_process_error(res, call = sys.call(), echo = echo, 
        stderr_to_stdout, res$status, command = command, args = args))
29: (function (command = NULL, args = character(), error_on_status = TRUE, 
        wd = NULL, echo_cmd = FALSE, echo = FALSE, spinner = FALSE, 
        timeout = Inf, stdout = "|", stderr = "|", stdout_line_callback = NULL, 
        stdout_callback = NULL, stderr_line_callback = NULL, stderr_callback = NULL, 
        stderr_to_stdout = FALSE, env = NULL, windows_verbatim_args = FALSE, 
        windows_hide_window = FALSE, encoding = "", cleanup_tree = FALSE, 
        ...) 
    {
        assert_that(is_flag(error_on_status))
        assert_that(is_time_interval(timeout))
        assert_that(is_flag(spinner))
        assert_that(is_string_or_null(stdout))
        assert_that(is_string_or_null(stderr))
        assert_that(is.null(stdout_line_callback) || is.function(stdout_line_callback))
        assert_that(is.null(stderr_line_callback) || is.function(stderr_line_callback))
        assert_that(is.null(stdout_callback) || is.function(stdout_callback))
        assert_that(is.null(stderr_callback) || is.function(stderr_callback))
        assert_that(is_flag(cleanup_tree))
        assert_that(is_flag(stderr_to_stdout))
        "!DEBUG run() Checked arguments"
        if (!interactive()) 
            spinner <- FALSE
        if (stderr_to_stdout) 
            stderr <- "2>&1"
        pr <- process$new(command, args, echo_cmd = echo_cmd, wd = wd, 
            windows_verbatim_args = windows_verbatim_args, windows_hide_window = windows_hide_window, 
            stdout = stdout, stderr = stderr, env = env, encoding = encoding, 
            cleanup_tree = cleanup_tree, ...)
        "#!DEBUG run() Started the process: `pr$get_pid()`"
        if (cleanup_tree) {
            on.exit(pr$kill_tree(), add = TRUE)
        }
        else {
            on.exit(pr$kill(), add = TRUE)
        }
        if (echo) {
            stdout_callback <- echo_callback(stdout_callback, "stdout")
            stderr_callback <- echo_callback(stderr_callback, "stderr")
        }
        runcall <- sys.call()
        resenv <- new.env(parent = emptyenv())
        has_stdout <- !is.null(stdout) && stdout == "|"
        has_stderr <- !is.null(stderr) && stderr == "|"
        if (has_stdout) {
            resenv$outbuf <- make_buffer()
            on.exit(resenv$outbuf$done(), add = TRUE)
        }
        if (has_stderr) {
            resenv$errbuf <- make_buffer()
            on.exit(resenv$errbuf$done(), add = TRUE)
        }
        res <- tryCatch(run_manage(pr, timeout, spinner, stdout, 
            stderr, stdout_line_callback, stdout_callback, stderr_line_callback, 
            stderr_callback, resenv), interrupt = function(e) {
            "!DEBUG run() process `pr$get_pid()` killed on interrupt"
            out <- if (has_stdout) {
                resenv$outbuf$push(pr$read_output())
                resenv$outbuf$push(pr$read_output())
                resenv$outbuf$read()
            }
            err <- if (has_stderr) {
                resenv$errbuf$push(pr$read_error())
                resenv$errbuf$push(pr$read_error())
                resenv$errbuf$read()
            }
            tryCatch(pr$kill(), error = function(e) NULL)
            signalCondition(new_process_interrupt_cond(list(interrupt = TRUE, 
                stderr = err, stdout = out, command = command, args = args), 
                runcall, echo = echo, stderr_to_stdout = stderr_to_stdout))
            cat("\n")
            invokeRestart("abort")
        })
        if (error_on_status && (is.na(res$status) || res$status != 
            0)) {
            "!DEBUG run() error on status `res$status` for process `pr$get_pid()`"
            throw(new_process_error(res, call = sys.call(), echo = echo, 
                stderr_to_stdout, res$status, command = command, 
                args = args))
        }
        res
    })("/usr/lib64/R/bin/R", args = c("CMD", "INSTALL", "/home/peter/OneDrive/RA/2026028_lmmprobe/lmmprobe", 
    "--library=/tmp/RtmpEM8TWg/devtools_install_1341aea6ba0e", "--no-R", 
    "--no-data", "--no-help", "--no-demo", "--no-inst", "--no-docs", 
    "--no-exec", "--no-multiarch", "--no-test-load", "--preclean"
    ), stdout_line_callback = function (x, proc) 
    {
        if (!is.null(stream)) 
            cat(x, file = stream, sep = "\n", append = TRUE)
    }, stderr_line_callback = function (x, proc) 
    {
        if (!is.null(stream)) 
            cat(x, file = stream, sep = "\n", append = TRUE)
    }, stdout_callback = function (x, proc) 
    block_cb(x), stderr_callback = function (x, proc) 
    block_cb(x), stderr_to_stdout = TRUE, echo_cmd = FALSE, echo = FALSE, 
        spinner = FALSE, error_on_status = TRUE, timeout = Inf)
28: do.call(processx::run, c(list(bin, args = real_cmdargs, stdout_line_callback = real_callback(stdout), 
        stderr_line_callback = real_callback(stderr), stdout_callback = real_block_callback, 
        stderr_callback = real_block_callback, stderr_to_stdout = stderr_to_stdout, 
        echo_cmd = echo, echo = show, spinner = spinner, error_on_status = fail_on_status, 
        timeout = timeout), extra))
27: force(code)
26: with_envvar(env, do.call(processx::run, c(list(bin, args = real_cmdargs, 
        stdout_line_callback = real_callback(stdout), stderr_line_callback = real_callback(stderr), 
        stdout_callback = real_block_callback, stderr_callback = real_block_callback, 
        stderr_to_stdout = stderr_to_stdout, echo_cmd = echo, echo = show, 
        spinner = spinner, error_on_status = fail_on_status, timeout = timeout), 
        extra)))
25: eval(substitute(expr), data, enclos = parent.frame())
24: eval(substitute(expr), data, enclos = parent.frame())
23: with.default(options, with_envvar(env, do.call(processx::run, 
        c(list(bin, args = real_cmdargs, stdout_line_callback = real_callback(stdout), 
            stderr_line_callback = real_callback(stderr), stdout_callback = real_block_callback, 
            stderr_callback = real_block_callback, stderr_to_stdout = stderr_to_stdout, 
            echo_cmd = echo, echo = show, spinner = spinner, error_on_status = fail_on_status, 
            timeout = timeout), extra))))
22: with(options, with_envvar(env, do.call(processx::run, c(list(bin, 
        args = real_cmdargs, stdout_line_callback = real_callback(stdout), 
        stderr_line_callback = real_callback(stderr), stdout_callback = real_block_callback, 
        stderr_callback = real_block_callback, stderr_to_stdout = stderr_to_stdout, 
        echo_cmd = echo, echo = show, spinner = spinner, error_on_status = fail_on_status, 
        timeout = timeout), extra))))
21: run_r(options)
20: callr::rcmd_safe(..., env = env, spinner = FALSE, show = FALSE, 
        echo = FALSE, block_callback = callback, stderr = "2>&1")
19: withCallingHandlers(callr::rcmd_safe(..., env = env, spinner = FALSE, 
        show = FALSE, echo = FALSE, block_callback = callback, stderr = "2>&1"), 
        error = function(e) {
            if (!quiet) 
                e$echo <- TRUE
            asNamespace("callr")$err$throw(e)
        })
18: with_build_tools({
        withCallingHandlers(callr::rcmd_safe(..., env = env, spinner = FALSE, 
            show = FALSE, echo = FALSE, block_callback = callback, 
            stderr = "2>&1"), error = function(e) {
            if (!quiet) 
                e$echo <- TRUE
            asNamespace("callr")$err$throw(e)
        })
    }, required = required)
17: rcmd_build_tools("INSTALL", c(path, paste("--library=", dest, 
        sep = ""), no_args, "--no-multiarch", "--no-test-load", args), 
        fail_on_status = TRUE, quiet = quiet)
16: install_min(path, dest = install_dir, components = "libs", args = if (needs_clean(path)) "--preclean", 
        quiet = quiet)
15: build()
14: force(code)
13: withr_with_envvar(c(DEBUG = "true"), build())
12: force(code)
11: force(code)
10: withr_with_envvar(c(R_MAKEVARS_USER = makevars_file), {
        withr_set_makevars(new, path, makevars_file)
        force(code)
    })
9: withr_with_makevars(compiler_flags(debug), {
       if (debug) {
           withr_with_envvar(c(DEBUG = "true"), build())
       }
       else {
           build()
       }
   })
8: pkgbuild::compile_dll(path, quiet = quiet, debug = debug)
7: pkgload::load_all(test_dir, export_all = args[["export_all"]], 
       helpers = args[["helpers"]], quiet = TRUE)
6: test_files_setup_env(test_package, test_dir, load_package, env)
5: test_files_serial(test_dir = test_dir, test_package = test_package, 
       test_paths = test_paths, load_helpers = load_helpers, reporter = reporter, 
       env = env, stop_on_failure = stop_on_failure, stop_on_warning = stop_on_warning, 
       desc = desc, load_package = load_package, shuffle = shuffle, 
       error_call = error_call)
4: test_files(test_dir = path, test_paths = test_paths, test_package = package, 
       reporter = reporter, load_helpers = load_helpers, env = env, 
       stop_on_failure = stop_on_failure, stop_on_warning = stop_on_warning, 
       load_package = load_package, parallel = parallel, shuffle = shuffle)
3: test_dir(test_path, package = package, reporter = reporter, ..., 
       load_package = load_package, shuffle = shuffle)
2: testthat::test_local(pkg$path, filter = filter, stop_on_failure = stop_on_failure, 
       load_package = load_package, ...)
1: devtools::test()
